[    2064ms] Error: Minified React error #418; visit https://react.dev/errors/418?args[]=HTML&args[]= for the full message or use the non-minified dev environment for full errors and additional helpful warnings.
    at rQ (https://hashnode.com/_next/static/chunks/ae0516f9cf0e7561.js:1:224404)
    at oo (https://hashnode.com/_next/static/chunks/ae0516f9cf0e7561.js:1:275125)
    at uc (https://hashnode.com/_next/static/chunks/ae0516f9cf0e7561.js:1:315596)
    at https://hashnode.com/_next/static/chunks/ae0516f9cf0e7561.js:1:310486
    at l7 (https://hashnode.com/_next/static/chunks/ae0516f9cf0e7561.js:1:310587)
    at uH (https://hashnode.com/_next/static/chunks/ae0516f9cf0e7561.js:1:336969)
    at MessagePort.N (https://hashnode.com/_next/static/chunks/ae0516f9cf0e7561.js:1:185928)
[    1496ms] [ERROR] Failed to load resource: the server responded with a status of 403 () @ https://hashnode.com/login?callbackUrl=/drafts&_rsc=1r34m:0
[    2561ms] TypeError: Cannot read properties of null (reading 'parentNode')
    at $RS (https://hashnode.com/:23:13346)
    at https://hashnode.com/:23:13415
[    3046ms] TypeError: Cannot read properties of null (reading 'parentNode')
    at $RS (https://hashnode.com/:23:13346)
    at https://hashnode.com/:23:78653
[    3057ms] TypeError: Cannot read properties of null (reading 'parentNode')
    at $RS (https://hashnode.com/:23:13346)
    at https://hashnode.com/:23:79140
[    3060ms] TypeError: Cannot read properties of null (reading 'parentNode')
    at $RS (https://hashnode.com/:23:13346)
    at https://hashnode.com/:23:96129
[    3061ms] TypeError: Cannot read properties of null (reading 'parentNode')
    at $RS (https://hashnode.com/:23:13346)
    at https://hashnode.com/:23:116949
[    3133ms] TypeError: Cannot read properties of null (reading 'parentNode')
    at $RS (https://hashnode.com/:23:13346)
    at https://hashnode.com/:23:125677
[    3143ms] TypeError: Cannot read properties of null (reading 'parentNode')
    at $RS (https://hashnode.com/:23:13346)
    at https://hashnode.com/:23:126481
[    3145ms] TypeError: Cannot read properties of null (reading 'parentNode')
    at $RS (https://hashnode.com/:23:13346)
    at https://hashnode.com/:23:127218
[    3145ms] TypeError: Cannot read properties of null (reading 'parentNode')
    at $RS (https://hashnode.com/:23:13346)
    at https://hashnode.com/:23:127567
[    3147ms] TypeError: Cannot read properties of null (reading 'parentNode')
    at $RS (https://hashnode.com/:23:13346)
    at https://hashnode.com/:23:127690
[    3148ms] TypeError: Cannot read properties of null (reading 'parentNode')
    at $RS (https://hashnode.com/:23:13346)
    at https://hashnode.com/:23:127980
[    3149ms] TypeError: Cannot read properties of null (reading 'parentNode')
    at $RS (https://hashnode.com/:23:13346)
    at https://hashnode.com/:23:128587
[    3158ms] TypeError: Cannot read properties of null (reading 'parentNode')
    at $RS (https://hashnode.com/:23:13346)
    at https://hashnode.com/:23:128707
[    3160ms] TypeError: Cannot read properties of null (reading 'parentNode')
    at $RS (https://hashnode.com/:23:13346)
    at https://hashnode.com/:23:129514
[    3163ms] TypeError: Cannot read properties of null (reading 'parentNode')
    at $RS (https://hashnode.com/:23:13346)
    at https://hashnode.com/:23:130254
[    3165ms] TypeError: Cannot read properties of null (reading 'parentNode')
    at $RS (https://hashnode.com/:23:13346)
    at https://hashnode.com/:23:130629
[    1816ms] [ERROR] Failed to load resource: the server responded with a status of 403 () @ https://hashnode.com/login?callbackUrl=/bookmarks&_rsc=1r34m:0
[    1957ms] [ERROR] Failed to load resource: the server responded with a status of 403 () @ https://hashnode.com/login?callbackUrl=/dashboards&_rsc=1r34m:0
[    2851ms] [ERROR] Failed to load resource: the server responded with a status of 403 () @ https://hashnode.com/login?_rsc=1r34m:0
