[    5135ms] Error: Minified React error #418; visit https://react.dev/errors/418?args[]=text&args[]= for the full message or use the non-minified dev environment for full errors and additional helpful warnings.
    at rQ (https://hashnode.com/_next/static/chunks/ae0516f9cf0e7561.js:1:224404)
    at https://hashnode.com/_next/static/chunks/ae0516f9cf0e7561.js:1:320752
    at uh (https://hashnode.com/_next/static/chunks/ae0516f9cf0e7561.js:1:324317)
    at uc (https://hashnode.com/_next/static/chunks/ae0516f9cf0e7561.js:1:315657)
    at https://hashnode.com/_next/static/chunks/ae0516f9cf0e7561.js:1:310486
    at l7 (https://hashnode.com/_next/static/chunks/ae0516f9cf0e7561.js:1:310587)
    at uH (https://hashnode.com/_next/static/chunks/ae0516f9cf0e7561.js:1:336969)
    at MessagePort.N (https://hashnode.com/_next/static/chunks/ae0516f9cf0e7561.js:1:185928)
[    5158ms] Error: Minified React error #418; visit https://react.dev/errors/418?args[]=text&args[]= for the full message or use the non-minified dev environment for full errors and additional helpful warnings.
    at rQ (https://hashnode.com/_next/static/chunks/ae0516f9cf0e7561.js:1:224404)
    at https://hashnode.com/_next/static/chunks/ae0516f9cf0e7561.js:1:320752
    at uh (https://hashnode.com/_next/static/chunks/ae0516f9cf0e7561.js:1:324317)
    at uc (https://hashnode.com/_next/static/chunks/ae0516f9cf0e7561.js:1:315657)
    at https://hashnode.com/_next/static/chunks/ae0516f9cf0e7561.js:1:310486
    at l7 (https://hashnode.com/_next/static/chunks/ae0516f9cf0e7561.js:1:310587)
    at uH (https://hashnode.com/_next/static/chunks/ae0516f9cf0e7561.js:1:336969)
    at MessagePort.N (https://hashnode.com/_next/static/chunks/ae0516f9cf0e7561.js:1:185928)
[    8064ms] [ERROR] Failed to load resource: the server responded with a status of 403 () @ https://hashnode.com/login?callbackUrl=/drafts&_rsc=1r34m:0
[   10468ms] [ERROR] Failed to load resource: the server responded with a status of 403 () @ https://hashnode.com/login?_rsc=1r34m:0
[   10474ms] [ERROR] Failed to load resource: the server responded with a status of 403 () @ https://hashnode.com/login?callbackUrl=/bookmarks&_rsc=1r34m:0
[   10476ms] [ERROR] Failed to load resource: the server responded with a status of 403 () @ https://hashnode.com/login?callbackUrl=/dashboards&_rsc=1r34m:0
[   10794ms] Uncaught TypeError: Cannot read properties of null (reading 'src')
    at getUrlVar (https://cdn.carbonads.com/carbon.js?serve=CWBDV27L&placement=hashnodecom&format=cover:0:13814)
    at init (https://cdn.carbonads.com/carbon.js?serve=CWBDV27L&placement=hashnodecom&format=cover:0:6919)
    at <anonymous> (https://cdn.carbonads.com/carbon.js?serve=CWBDV27L&placement=hashnodecom&format=cover:0:34870)
[   14749ms] [WARNING] The resource https://hashnode.com/_next/static/chunks/9e1e6df4b94fb774.css was preloaded using link preload in Early Hints but not used within a few seconds from the window's load event. @ https://hashnode.com/:0
